[Licensing::Module] Trying to connect to existing licensing client channel...
[Licensing::IpcConnector] Successfully connected to: "LicenseClient-dliao" at "2026-04-02T05:43:11.4494382Z"
[Licensing::Client] Code 10 while verifying Licensing Client signature (process Id: 17404, path: "C:/Program Files/Unity Hub/UnityLicensingClient_V1/Unity.Licensing.Client.exe")
[Licensing::Module] LicensingClient has failed validation; ignoring
[Licensing::Client] Error: HandshakeResponse reported an error:
	ResponseCode: 505
	ResponseStatus: Unsupported protocol version '1.16.2'.
[Licensing::Module] Error: Failed to handshake to channel: "LicenseClient-dliao"
[Licensing::IpcConnector] LicenseClient-dliao channel disconnected successfully.
[Licensing::IpcConnector] Channel LicenseClient-dliao-2022.3.62 doesn't exist
[Licensing::Module] Successfully launched the LicensingClient (PId: 48300)
[Licensing::IpcConnector] Successfully connected to: "LicenseClient-dliao-2022.3.62" at "2026-04-02T05:43:15.9511131Z"
[Licensing::Client] Code 10 while verifying Licensing Client signature (process Id: 48300, path: "C:/Program Files/Unity/Hub/Editor/2022.3.62f3c1/Editor/Data/Resources/Licensing/Client/Unity.Licensing.Client.exe")
[Licensing::Module] LicensingClient has failed validation; ignoring
[Licensing::Client] Handshaking with LicensingClient:
  Version:                 1.16.2+bdef8f5
  Session Id:              d3d3088239034465a42325fcce39d55b
  Correlation Id:          0b38997e75789d0003a574685c12e9a9
  External correlation Id: 6460992780905455818
  Machine Id:              el3L61JLf6YOGhwET5l/LX/6zO8=
[Licensing::Module] Successfully connected to LicensingClient on channel: "LicenseClient-dliao-2022.3.62" (connect: 4.37s, validation: 0.22s, handshake: 0.00s)
[Licensing::IpcConnector] Successfully connected to: "LicenseClient-dliao-2022.3.62-notifications" at "2026-04-02T05:43:16.1782968Z"
[Licensing::Module] Connected to LicensingClient (PId: 48300, launch time: 0.04, total connection time: 4.59s)
[Licensing::Module] Error: Access token is unavailable; failed to update
[Licensing::Client] Successfully updated license
Built from '2022.3/china_unity/release' branch; Version is '2022.3.62f3c1 (1623fc0bbb97) revision 1451004'; Using compiler version '192829333'; Build Type 'Release'
OS: 'Windows 11  (10.0.26200) 64bit Professional' Language: 'zh' Physical Memory: 65366 MB
[Licensing::Client] Successfully resolved entitlement details
[Licensing::Module] Serial number assigned to: "F4-DKTT-3G73-G2W7-34V2-XXXX"
BatchMode: 1, IsHumanControllingUs: 0, StartBugReporterOnCrash: 0, Is64bit: 1, IsPro: 0
[Licensing::Client] Successfully resolved entitlement details

COMMAND LINE ARGUMENTS:
C:\Program Files\Unity\Hub\Editor\2022.3.62f3c1\Editor\Unity.exe
-batchmode
-nographics
-projectPath
E:/claudeCode/unity/FWTCG_UNITY_V3
-runTests
-testPlatform
EditMode
-testResults
E:/claudeCode/unity/FWTCG_UNITY_V3/TestResults-editmode.xml
-logFile
E:/claudeCode/unity/FWTCG_UNITY_V3/test-log.txt
-quit
Successfully changed project path to: E:/claudeCode/unity/FWTCG_UNITY_V3
E:/claudeCode/unity/FWTCG_UNITY_V3
[UnityMemory] Configuration Parameters - Can be set up in boot.config
    "memorysetup-bucket-allocator-granularity=16"
    "memorysetup-bucket-allocator-bucket-count=8"
    "memorysetup-bucket-allocator-block-size=33554432"
    "memorysetup-bucket-allocator-block-count=8"
    "memorysetup-main-allocator-block-size=16777216"
    "memorysetup-thread-allocator-block-size=16777216"
    "memorysetup-gfx-main-allocator-block-size=16777216"
    "memorysetup-gfx-thread-allocator-block-size=16777216"
    "memorysetup-cache-allocator-block-size=4194304"
    "memorysetup-typetree-allocator-block-size=2097152"
    "memorysetup-profiler-bucket-allocator-granularity=16"
    "memorysetup-profiler-bucket-allocator-bucket-count=8"
    "memorysetup-profiler-bucket-allocator-block-size=33554432"
    "memorysetup-profiler-bucket-allocator-block-count=8"
    "memorysetup-profiler-allocator-block-size=16777216"
    "memorysetup-profiler-editor-allocator-block-size=1048576"
    "memorysetup-temp-allocator-size-main=16777216"
    "memorysetup-job-temp-allocator-block-size=2097152"
    "memorysetup-job-temp-allocator-block-size-background=1048576"
    "memorysetup-job-temp-allocator-reduction-small-platforms=262144"
    "memorysetup-allocator-temp-initial-block-size-main=262144"
    "memorysetup-allocator-temp-initial-block-size-worker=262144"
    "memorysetup-temp-allocator-size-background-worker=32768"
    "memorysetup-temp-allocator-size-job-worker=262144"
    "memorysetup-temp-allocator-size-preload-manager=33554432"
    "memorysetup-temp-allocator-size-nav-mesh-worker=65536"
    "memorysetup-temp-allocator-size-audio-worker=65536"
    "memorysetup-temp-allocator-size-cloud-worker=32768"
    "memorysetup-temp-allocator-size-gi-baking-worker=262144"
    "memorysetup-temp-allocator-size-gfx=262144"
Player connection [40820]  Target information:

Player connection [40820]  * "[IP] 172.16.10.57 [Port] 55504 [Flags] 2 [Guid] 1453063455 [EditorId] 1453063455 [Version] 1048832 [Id] WindowsEditor(7,pc-0303) [Debug] 1 [PackageName] WindowsEditor [ProjectName] Editor" 

Player connection [40820]  * "[IP] 172.18.0.1 [Port] 55504 [Flags] 2 [Guid] 1453063455 [EditorId] 1453063455 [Version] 1048832 [Id] WindowsEditor(7,pc-0303) [Debug] 1 [PackageName] WindowsEditor [ProjectName] Editor" 

Player connection [40820] Host joined multi-casting on [225.0.0.222:54997]...
Player connection [40820] Host joined alternative multi-casting on [225.0.0.222:34997]...
Input System module state changed to: Initialized.
[PhysX] Initialized MultithreadedTaskDispatcher with 28 workers.
[Package Manager] UpmClient::Connect -- Connected to IPC stream "Upm-22988" after 0.7 seconds.
[Package Manager] Restoring resolved packages state from cache
[Licensing::Client] Successfully resolved entitlement details
[Package Manager] Registered 30 packages:
  Packages from [https://packages.unity.cn]:
    com.unity.textmeshpro@3.0.9 (location: E:\claudeCode\unity\FWTCG_UNITY_V3\Library\PackageCache\com.unity.textmeshpro@3.0.9)
    com.unity.mathematics@1.2.6 (location: E:\claudeCode\unity\FWTCG_UNITY_V3\Library\PackageCache\com.unity.mathematics@1.2.6)
    com.unity.burst@1.8.21 (location: E:\claudeCode\unity\FWTCG_UNITY_V3\Library\PackageCache\com.unity.burst@1.8.21)
    com.unity.nuget.newtonsoft-json@3.2.1 (location: E:\claudeCode\unity\FWTCG_UNITY_V3\Library\PackageCache\com.unity.nuget.newtonsoft-json@3.2.1)
    com.unity.editorcoroutines@1.0.0 (location: E:\claudeCode\unity\FWTCG_UNITY_V3\Library\PackageCache\com.unity.editorcoroutines@1.0.0)
    com.unity.test-framework@1.3.3 (location: E:\claudeCode\unity\FWTCG_UNITY_V3\Library\PackageCache\com.unity.test-framework@1.3.3)
    com.unity.searcher@4.9.2 (location: E:\claudeCode\unity\FWTCG_UNITY_V3\Library\PackageCache\com.unity.searcher@4.9.2)
    com.unity.ext.nunit@2.0.3 (location: E:\claudeCode\unity\FWTCG_UNITY_V3\Library\PackageCache\com.unity.ext.nunit@2.0.3)
  Built-in packages:
    com.unity.render-pipelines.universal@14.0.12 (location: E:\claudeCode\unity\FWTCG_UNITY_V3\Library\PackageCache\com.unity.render-pipelines.universal@14.0.12)
    com.unity.modules.ai@1.0.0 (location: E:\claudeCode\unity\FWTCG_UNITY_V3\Library\PackageCache\com.unity.modules.ai@1.0.0)
    com.unity.modules.animation@1.0.0 (location: E:\claudeCode\unity\FWTCG_UNITY_V3\Library\PackageCache\com.unity.modules.animation@1.0.0)
    com.unity.modules.audio@1.0.0 (location: E:\claudeCode\unity\FWTCG_UNITY_V3\Library\PackageCache\com.unity.modules.audio@1.0.0)
    com.unity.modules.imageconversion@1.0.0 (location: E:\claudeCode\unity\FWTCG_UNITY_V3\Library\PackageCache\com.unity.modules.imageconversion@1.0.0)
    com.unity.modules.imgui@1.0.0 (location: E:\claudeCode\unity\FWTCG_UNITY_V3\Library\PackageCache\com.unity.modules.imgui@1.0.0)
    com.unity.modules.jsonserialize@1.0.0 (location: E:\claudeCode\unity\FWTCG_UNITY_V3\Library\PackageCache\com.unity.modules.jsonserialize@1.0.0)
    com.unity.modules.particlesystem@1.0.0 (location: E:\claudeCode\unity\FWTCG_UNITY_V3\Library\PackageCache\com.unity.modules.particlesystem@1.0.0)
    com.unity.modules.physics@1.0.0 (location: E:\claudeCode\unity\FWTCG_UNITY_V3\Library\PackageCache\com.unity.modules.physics@1.0.0)
    com.unity.modules.physics2d@1.0.0 (location: E:\claudeCode\unity\FWTCG_UNITY_V3\Library\PackageCache\com.unity.modules.physics2d@1.0.0)
    com.unity.modules.screencapture@1.0.0 (location: E:\claudeCode\unity\FWTCG_UNITY_V3\Library\PackageCache\com.unity.modules.screencapture@1.0.0)
    com.unity.modules.ui@1.0.0 (location: E:\claudeCode\unity\FWTCG_UNITY_V3\Library\PackageCache\com.unity.modules.ui@1.0.0)
    com.unity.modules.uielements@1.0.0 (location: E:\claudeCode\unity\FWTCG_UNITY_V3\Library\PackageCache\com.unity.modules.uielements@1.0.0)
    com.unity.modules.unityanalytics@1.0.0 (location: E:\claudeCode\unity\FWTCG_UNITY_V3\Library\PackageCache\com.unity.modules.unityanalytics@1.0.0)
    com.unity.modules.unitywebrequest@1.0.0 (location: E:\claudeCode\unity\FWTCG_UNITY_V3\Library\PackageCache\com.unity.modules.unitywebrequest@1.0.0)
    com.unity.modules.video@1.0.0 (location: E:\claudeCode\unity\FWTCG_UNITY_V3\Library\PackageCache\com.unity.modules.video@1.0.0)
    com.unity.ugui@1.0.0 (location: E:\claudeCode\unity\FWTCG_UNITY_V3\Library\PackageCache\com.unity.ugui@1.0.0)
    com.unity.render-pipelines.core@14.0.12 (location: E:\claudeCode\unity\FWTCG_UNITY_V3\Library\PackageCache\com.unity.render-pipelines.core@14.0.12)
    com.unity.shadergraph@14.0.12 (location: E:\claudeCode\unity\FWTCG_UNITY_V3\Library\PackageCache\com.unity.shadergraph@14.0.12)
    com.unity.render-pipelines.universal-config@14.0.10 (location: E:\claudeCode\unity\FWTCG_UNITY_V3\Library\PackageCache\com.unity.render-pipelines.universal-config@14.0.10)
    com.unity.modules.terrain@1.0.0 (location: E:\claudeCode\unity\FWTCG_UNITY_V3\Library\PackageCache\com.unity.modules.terrain@1.0.0)
  Git packages:
    com.gamelovers.mcp-unity@https://github.com/CoderGamester/mcp-unity.git (location: E:\claudeCode\unity\FWTCG_UNITY_V3\Library\PackageCache\com.gamelovers.mcp-unity@d50c83a273)
[Subsystems] No new subsystems found in resolved package list.
Package Manager log level set to [2]
[Package Manager] Done registering packages in 0.18 seconds
Refreshing native plugins compatible for Editor in 98.61 ms, found 0 plugins.
Preloading 0 native plugins for Editor in 0.00 ms.
Initialize engine version: 2022.3.62f3c1 (1623fc0bbb97)
[Subsystems] Discovering subsystems at path C:/Program Files/Unity/Hub/Editor/2022.3.62f3c1/Editor/Data/Resources/UnitySubsystems
[Subsystems] Discovering subsystems at path E:/claudeCode/unity/FWTCG_UNITY_V3/Assets
Forcing GfxDevice: Null
GfxDevice: creating device client; threaded=0; jobified=0
NullGfxDevice:
    Version:  NULL 1.0 [1.0]
    Renderer: Null Device
    Vendor:   Unity Technologies
[Licensing::Client] Successfully resolved entitlement details
Initialize mono
Mono path[0] = 'C:/Program Files/Unity/Hub/Editor/2022.3.62f3c1/Editor/Data/Managed'
Mono path[1] = 'C:/Program Files/Unity/Hub/Editor/2022.3.62f3c1/Editor/Data/MonoBleedingEdge/lib/mono/unityjit-win32'
Mono config path = 'C:/Program Files/Unity/Hub/Editor/2022.3.62f3c1/Editor/Data/MonoBleedingEdge/etc'
Using monoOptions --debugger-agent=transport=dt_socket,embedding=1,server=y,suspend=n,address=127.0.0.1:56988
Using cacheserver namespaces - metadata:defaultmetadata, artifacts:defaultartifacts
Using cacheserver namespaces - metadata:defaultmetadata, artifacts:defaultartifacts
ImportWorker Server TCP listen port: 0
Begin MonoManager ReloadAssembly
Registering precompiled unity dll's ...
Register platform support module: C:/Program Files/Unity/Hub/Editor/2022.3.62f3c1/Editor/Data/PlaybackEngines/WindowsStandaloneSupport/UnityEditor.WindowsStandalone.Extensions.dll
Registered in 0.003117 seconds.
- Loaded All Assemblies, in  1.211 seconds
Native extension for WindowsStandalone target not found
Mono: successfully reloaded assembly
- Finished resetting the current domain, in  0.153 seconds
Domain Reload Profiling: 1365ms
	BeginReloadAssembly (92ms)
		ExecutionOrderSort (0ms)
		DisableScriptedObjects (0ms)
		BackupInstance (0ms)
		ReleaseScriptingObjects (0ms)
		CreateAndSetChildDomain (1ms)
	RebuildCommonClasses (265ms)
	RebuildNativeTypeToScriptingClass (6ms)
	initialDomainReloadingComplete (31ms)
	LoadAllAssembliesAndSetupDomain (817ms)
		LoadAssemblies (91ms)
		RebuildTransferFunctionScriptingTraits (0ms)
		AnalyzeDomain (816ms)
			TypeCache.Refresh (815ms)
				TypeCache.ScanAssembly (516ms)
			ScanForSourceGeneratedMonoScriptInfo (0ms)
			ResolveRequiredComponents (0ms)
	FinalizeReload (154ms)
		ReleaseScriptCaches (0ms)
		RebuildScriptCaches (0ms)
		SetupLoadedEditorAssemblies (127ms)
			LogAssemblyErrors (0ms)
			InitializePlatformSupportModulesInManaged (5ms)
			SetLoadedEditorAssemblies (4ms)
			RefreshPlugins (0ms)
			BeforeProcessingInitializeOnLoad (1ms)
			ProcessInitializeOnLoadAttributes (82ms)
			ProcessInitializeOnLoadMethodAttributes (34ms)
			AfterProcessingInitializeOnLoad (0ms)
			EditorAssembliesLoaded (0ms)
		ExecutionOrderSort2 (0ms)
		AwakeInstancesAfterBackupRestoration (0ms)
[Licensing::Client] Successfully resolved entitlement details
Application.AssetDatabase Initial Refresh Start
Asset Packages/com.gamelovers.mcp-unity/Editor/Tests/GetGameObjectResourceTests.cs has no meta file, but it's in an immutable folder. The asset will be ignored.
[ScriptCompilation] Requested script compilation because: Assetdatabase observed changes in script compilation related files
info: Microsoft.Hosting.Lifetime[14]
      Now listening on: http://localhost:80
info: Microsoft.Hosting.Lifetime[0]
      Application started. Press Ctrl+C to shut down.
info: Microsoft.Hosting.Lifetime[0]
      Hosting environment: Production
info: Microsoft.Hosting.Lifetime[0]
      Content root path: E:\claudeCode\unity\FWTCG_UNITY_V3\
info: Microsoft.AspNetCore.Hosting.Diagnostics[1]
      Request starting HTTP/2 POST http://ilpp/UnityILPP.PostProcessing/Ping application/grpc -
info: Microsoft.AspNetCore.Routing.EndpointMiddleware[0]
      Executing endpoint 'gRPC - /UnityILPP.PostProcessing/Ping'
info: Microsoft.AspNetCore.Routing.EndpointMiddleware[1]
      Executed endpoint 'gRPC - /UnityILPP.PostProcessing/Ping'
info: Microsoft.AspNetCore.Hosting.Diagnostics[2]
      Request finished HTTP/2 POST http://ilpp/UnityILPP.PostProcessing/Ping application/grpc - - 200 - application/grpc 24.4708ms
Starting: C:\Program Files\Unity\Hub\Editor\2022.3.62f3c1\Editor\Data\bee_backend.exe --ipc --defer-dag-verification --dagfile="Library/Bee/1900b0aE.dag" --continue-on-failure --profile="Library/Bee/backend1.traceevents" ScriptAssemblies
WorkingDir: E:/claudeCode/unity/FWTCG_UNITY_V3
DisplayProgressbar: Compiling Scripts
info: Microsoft.AspNetCore.Hosting.Diagnostics[1]
      Request starting HTTP/2 POST http://ilpp/UnityILPP.PostProcessing/ConfigurePostProcessors application/grpc -
info: Microsoft.AspNetCore.Routing.EndpointMiddleware[0]
      Executing endpoint 'gRPC - /UnityILPP.PostProcessing/ConfigurePostProcessors'
warn: Unity.ILPP.Runner.PostProcessingAssemblyLoadContext[0]
      Assembly system.runtime.interopservices.windowsruntime has duplicate hint path. Ignoring "C:\Program Files\Unity\Hub\Editor\2022.3.62f3c1\Editor\Data\UnityReferenceAssemblies\unity-4.8-api\Facades\System.Runtime.InteropServices.WindowsRuntime.dll" in favor of "C:\Program Files\Unity\Hub\Editor\2022.3.62f3c1\Editor\Data\NetStandard\Extensions\2.0.0\System.Runtime.InteropServices.WindowsRuntime.dll"
warn: Unity.ILPP.Runner.PostProcessingAssemblyLoadContext[0]
      Assembly system.componentmodel.composition has duplicate hint path. Ignoring "C:\Program Files\Unity\Hub\Editor\2022.3.62f3c1\Editor\Data\UnityReferenceAssemblies\unity-4.8-api\System.ComponentModel.Composition.dll" in favor of "C:\Program Files\Unity\Hub\Editor\2022.3.62f3c1\Editor\Data\NetStandard\compat\2.1.0\shims\netfx\System.ComponentModel.Composition.dll"
info: Unity.ILPP.Runner.PostProcessingAssemblyLoadContext[0]
      Resolved Unity.Burst.Cecil, Version=0.11.4.0, Culture=neutral, PublicKeyToken=50cebf1cceb9d05e with Library\PackageCache\com.unity.burst@1.8.21\Unity.Burst.CodeGen\Unity.Burst.Cecil.dll
info: Microsoft.AspNetCore.Routing.EndpointMiddleware[1]
      Executed endpoint 'gRPC - /UnityILPP.PostProcessing/ConfigurePostProcessors'
info: Microsoft.AspNetCore.Hosting.Diagnostics[2]
      Request finished HTTP/2 POST http://ilpp/UnityILPP.PostProcessing/ConfigurePostProcessors application/grpc - - 200 - application/grpc 177.5664ms
ExitCode: 4 Duration: 0s287ms
Rebuilding DAG because FileSignature timestamp changed: Library/Bee/1900b0aE-inputdata.json
[327/409    0s] ILPP-Configuration Library/ilpp-configuration.nevergeneratedoutput
*** Tundra requires additional run (0.26 seconds), 1 items updated, 326 evaluated
Starting: C:\Program Files\Unity\Hub\Editor\2022.3.62f3c1\Editor\Data\Tools\netcorerun\netcorerun.exe "C:\Program Files\Unity\Hub\Editor\2022.3.62f3c1\Editor\Data\Tools\BuildPipeline\ScriptCompilationBuildProgram.exe" "Library/Bee/1900b0aE.dag.json" "Library/Bee/1900b0aE-inputdata.json" "Library\Bee\buildprogram0.traceevents"
WorkingDir: E:/claudeCode/unity/FWTCG_UNITY_V3
ExitCode: 0 Duration: 1s359ms
Starting: C:\Program Files\Unity\Hub\Editor\2022.3.62f3c1\Editor\Data\bee_backend.exe --ipc --defer-dag-verification --dagfile="Library/Bee/1900b0aE.dag" --continue-on-failure --dagfilejson="Library\Bee\1900b0aE.dag.json" --profile="Library/Bee/backend2.traceevents" ScriptAssemblies
WorkingDir: E:/claudeCode/unity/FWTCG_UNITY_V3
info: Microsoft.AspNetCore.Hosting.Diagnostics[1]
      Request starting HTTP/2 POST http://ilpp/UnityILPP.PostProcessing/ConfigurePostProcessors application/grpc -
info: Microsoft.AspNetCore.Routing.EndpointMiddleware[0]
      Executing endpoint 'gRPC - /UnityILPP.PostProcessing/ConfigurePostProcessors'
info: Unity.ILPP.Runner.PostProcessingAssemblyLoadContext[0]
      Current configuration matches the requested one, skipping
info: Microsoft.AspNetCore.Routing.EndpointMiddleware[1]
      Executed endpoint 'gRPC - /UnityILPP.PostProcessing/ConfigurePostProcessors'
info: Microsoft.AspNetCore.Hosting.Diagnostics[2]
      Request finished HTTP/2 POST http://ilpp/UnityILPP.PostProcessing/ConfigurePostProcessors application/grpc - - 200 - application/grpc 0.8953ms
ExitCode: 0 Duration: 0s159ms
Finished compiling graph: 412 nodes, 4454 flattened edges (3696 ToBuild, 60 ToUse), maximum node priority 372
[327/409    0s] ILPP-Configuration Library/ilpp-configuration.nevergeneratedoutput
*** Tundra build success (0.14 seconds), 1 items updated, 409 evaluated
AssetDatabase: script compilation time: 2.398182s
Begin MonoManager ReloadAssembly
Total cache size 124966420
Total cache size after purge 124966420
Symbol file LoadedFromMemory is not a mono symbol file
- Loaded All Assemblies, in  0.868 seconds
Refreshing native plugins compatible for Editor in 1.83 ms, found 0 plugins.
Preloading 0 native plugins for Editor in 0.00 ms.
Start importing Assets/Scripts/UI/CardDragHandler.cs using Guid(615201f258d386842a4a40f64aa8d30c) Importer(-1,00000000000000000000000000000000) [PhysX] Initialized MultithreadedTaskDispatcher with 28 workers.
 -> (artifact id: '7ee6eac47c7fabe3a6e8c7006817ece3') in 0.009752 seconds
Refreshing native plugins compatible for Editor in 1.79 ms, found 0 plugins.
Native extension for WindowsStandalone target not found
Mono: successfully reloaded assembly
- Finished resetting the current domain, in  2.164 seconds
Domain Reload Profiling: 3030ms
	BeginReloadAssembly (79ms)
		ExecutionOrderSort (0ms)
		DisableScriptedObjects (3ms)
		BackupInstance (0ms)
		ReleaseScriptingObjects (0ms)
		CreateAndSetChildDomain (13ms)
	RebuildCommonClasses (19ms)
	RebuildNativeTypeToScriptingClass (6ms)
	initialDomainReloadingComplete (16ms)
	LoadAllAssembliesAndSetupDomain (747ms)
		LoadAssemblies (668ms)
		RebuildTransferFunctionScriptingTraits (0ms)
		AnalyzeDomain (124ms)
			TypeCache.Refresh (111ms)
				TypeCache.ScanAssembly (104ms)
			ScanForSourceGeneratedMonoScriptInfo (7ms)
			ResolveRequiredComponents (4ms)
	FinalizeReload (2164ms)
		ReleaseScriptCaches (0ms)
		RebuildScriptCaches (0ms)
		SetupLoadedEditorAssemblies (2081ms)
			LogAssemblyErrors (0ms)
			InitializePlatformSupportModulesInManaged (3ms)
			SetLoadedEditorAssemblies (2ms)
			RefreshPlugins (0ms)
			BeforeProcessingInitializeOnLoad (45ms)
			ProcessInitializeOnLoadAttributes (1984ms)
			ProcessInitializeOnLoadMethodAttributes (46ms)
			AfterProcessingInitializeOnLoad (2ms)
			EditorAssembliesLoaded (0ms)
		ExecutionOrderSort2 (0ms)
		AwakeInstancesAfterBackupRestoration (7ms)
Refreshing native plugins compatible for Editor in 1.74 ms, found 0 plugins.
Preloading 0 native plugins for Editor in 0.00 ms.
Asset Pipeline Refresh (id=66b676c0ad6913740bae9786f34511b7): Total: 15.052 seconds - Initiated by InitialRefreshV2(ForceSynchronousImport)
	Summary:
		Imports: total=1 (actual=1, local cache=0, cache server=0)
		Asset DB Process Time: managed=1 ms, native=9530 ms
		Asset DB Callback time: managed=37 ms, native=3 ms
		Scripting: domain reloads=1, domain reload time=3061 ms, compile time=2399 ms, other=18 ms
		Project Asset Count: scripts=3099, non-scripts=1171
		Asset File Changes: new=0, changed=1, moved=0, deleted=0
		Scan Filter Count: 0
	InvokeBeforeRefreshCallbacks: 0.554ms
	ApplyChangesToAssetFolders: 0.022ms
	Scan: 39.016ms
	OnSourceAssetsModified: 1.258ms
	GetAllGuidsForCategorization: 0.287ms
	CategorizeAssets: 48.382ms
	ImportOutOfDateAssets: 2193.208ms (-226.825ms without children)
		ImportManagerImport: 11.949ms (1.983ms without children)
			ImportInProcess: 9.951ms
			UpdateCategorizedAssets: 0.015ms
		CompileScripts: 2399.377ms
		ReloadNativeAssets: 0.000ms
		UnloadImportedAssets: 7.420ms
		ReloadImportedAssets: 0.250ms
		EnsureUptoDateAssetsAreRegisteredWithGuidPM: 0.624ms
		InitializingProgressBar: 0.000ms
		PostProcessAllAssetNotificationsAddChangedAssets: 0.000ms
		OnDemandSchedulerStart: 0.412ms
	PostProcessAllAssets: 37.005ms
	Hotreload: 2.051ms
	GatherAllCurrentPrimaryArtifactRevisions: 0.000ms
	UnloadStreamsBegin: 0.264ms
	PersistCurrentRevisions: 0.162ms
	UnloadStreamsEnd: 0.017ms
	GenerateScriptTypeHashes: 1.102ms
	Untracked: 12730.220ms
Application.AssetDatabase Initial Refresh End
Shader Hidden/ProbeVolume/VoxelizeScene is not supported: GPU does not support conservative rasterization
Shader Hidden/ProbeVolume/VoxelizeScene is not supported: GPU does not support conservative rasterization
Scanning for USB devices : 1.891ms
Initializing Unity extensions:
[MODES] ModeService[none].Initialize
[MODES] ModeService[none].LoadModes
[MODES] Loading mode Default (0) for mode-current-id-FWTCG_UNITY_V3
[PhysX] Initialized MultithreadedTaskDispatcher with 28 workers.
ProgressiveSceneManager::Cancel()
Unloading 86 Unused Serialized files (Serialized files now loaded: 0)
Unloading 140 unused Assets / (7.1 MB). Loaded Objects now: 3052.
Memory consumption went from 129.0 MB to 122.0 MB.
Total: 4.106200 ms (FindLiveObjects: 0.110400 ms CreateObjectMapping: 0.030400 ms MarkObjects: 2.421100 ms  DeleteObjects: 1.543700 ms)

Batchmode quit successfully invoked - shutting down!
[PhysX] Initialized MultithreadedTaskDispatcher with 28 workers.
Input System module state changed to: ShutdownInProgress.
Input System polling thread exited.
Input System module state changed to: Shutdown.
[Licensing::IpcConnector] LicenseClient-dliao-2022.3.62-notifications channel disconnected successfully.
[Licensing::IpcConnector] LicenseClient-dliao-2022.3.62 channel disconnected successfully.
Cleanup mono
abort_threads: Failed aborting id: 000000000000C968, mono_thread_manage will ignore it

abort_threads: Failed aborting id: 000000000000B7F0, mono_thread_manage will ignore it

abort_threads: Failed aborting id: 000000000000C968, mono_thread_manage will ignore it

abort_threads: Failed aborting id: 000000000000B7F0, mono_thread_manage will ignore it

debugger-agent: Unable to listen on 5272
[Performance] WinEditorMain                                                                                                  :        1 samples, Peak.  9.09 s (1.0x), Avg.  9.09 s, Total. 9.091 s (31.4%)
[Performance] WinEditorMain.ConfigureCrashHandler                                                                            :        1 samples, Peak.  18.1 us (1.0x), Avg.  18.1 us, Total. 18.10 us (0.0%)
[Performance] WinEditorMain.CurlRequestInitialize                                                                            :        1 samples, Peak.   381 us (1.0x), Avg.   381 us, Total. 380.8 us (0.0%)
[Performance] WinEditorMain.SetupLogFile                                                                                     :        1 samples, Peak.   327 us (1.0x), Avg.   327 us, Total. 326.9 us (0.0%)
[Performance] WinEditorMain.RunNativeTestsIfRequiredAndExit                                                                  :        1 samples, Peak. 100.0 ns (1.0x), Avg. 100.0 ns, Total. 100.00 ns (0.0%)
[Performance] WinEditorMain.Licensing                                                                                        :        1 samples, Peak.  9.07 s (1.0x), Avg.  9.07 s, Total. 9.070 s (31.3%)
[Performance] WinEditorMain.InitializeCrashHandler                                                                           :        1 samples, Peak.  18.6 ms (1.0x), Avg.  18.6 ms, Total. 18.60 ms (0.1%)
[Performance] WinEditorMain.CreateApplication                                                                                :        1 samples, Peak.   181 us (1.0x), Avg.   181 us, Total. 181.3 us (0.0%)
[Performance] Application.InitializeProject                                                                                  :        1 samples, Peak.  19.1 s (1.0x), Avg.  19.1 s, Total. 19.15 s (66.2%)
[Performance] Application.PackageManager.StartServer                                                                         :        1 samples, Peak.   650 ms (1.0x), Avg.   650 ms, Total. 649.8 ms (2.2%)
[Performance] Application.AcquireProjectLock                                                                                 :        1 samples, Peak.  11.8 ms (1.0x), Avg.  11.8 ms, Total. 11.85 ms (0.0%)
[Performance] Application.InitializeEngineNoGraphics                                                                         :        1 samples, Peak.  96.6 ms (1.0x), Avg.  96.6 ms, Total. 96.57 ms (0.3%)
[Performance] Application.PackageManager.Initialize                                                                          :        1 samples, Peak.   710 ms (1.0x), Avg.   710 ms, Total. 710.2 ms (2.5%)
[Performance] Connecting to Package Manager                                                                                  :       72 samples, Peak.  60.2 us (38.3x), Avg.  1.57 us, Total. 113.2 us (0.0%)
[Performance] Application.EngineGraphics.Initialize                                                                          :        1 samples, Peak.   105 ms (1.0x), Avg.   105 ms, Total. 104.7 ms (0.4%)
[Performance] Application.GI.Initialize                                                                                      :        1 samples, Peak.  18.4 ms (1.0x), Avg.  18.4 ms, Total. 18.39 ms (0.1%)
[Performance] Application.LoadAllDefaultResourcesFromEditor                                                                  :        1 samples, Peak.  1.41 ms (1.0x), Avg.  1.41 ms, Total. 1.415 ms (0.0%)
[Performance] Application.LoadMonoAssemblies                                                                                 :        1 samples, Peak.  1.37 s (1.0x), Avg.  1.37 s, Total. 1.373 s (4.7%)
[Performance] RestoreManagedReferences                                                                                       :        2 samples, Peak.  25.2 ms (2.0x), Avg.  12.6 ms, Total. 25.24 ms (0.1%)
[Performance] InitializeOnLoad DrivenRectTransformUndo                                                                       :        2 samples, Peak.   257 us (1.0x), Avg.   248 us, Total. 496.7 us (0.0%)
[Performance] InitializeOnLoad SceneSearch                                                                                   :        2 samples, Peak.  93.3 us (1.2x), Avg.  76.2 us, Total. 152.5 us (0.0%)
[Performance] InitializeOnLoad CloudBuild                                                                                    :        2 samples, Peak.  2.90 us (1.3x), Avg.  2.15 us, Total. 4.300 us (0.0%)
[Performance] InitializeOnLoad NativeFormatImporterUtility                                                                   :        2 samples, Peak.  1.72 ms (1.2x), Avg.  1.49 ms, Total. 2.973 ms (0.0%)
[Performance] InitializeOnLoad SearchService                                                                                 :        2 samples, Peak.  80.8 us (1.1x), Avg.  71.2 us, Total. 142.4 us (0.0%)
[Performance] InitializeOnLoad SettingsService                                                                               :        2 samples, Peak.  7.90 us (1.4x), Avg.  5.50 us, Total. 11.00 us (0.0%)
[Performance] InitializeOnLoad WindowLayout                                                                                  :        2 samples, Peak.   460 us (1.1x), Avg.   430 us, Total. 859.2 us (0.0%)
[Performance] InitializeOnLoad AssetStoreContext                                                                             :        2 samples, Peak.  15.7 ms (1.0x), Avg.  15.6 ms, Total. 31.29 ms (0.1%)
[Performance] InitializeOnLoad PoolManager                                                                                   :        2 samples, Peak.   409 us (1.1x), Avg.   363 us, Total. 726.1 us (0.0%)
[Performance] InitializeOnLoad MixerEffectDefinitionReloader                                                                 :        2 samples, Peak.  1.92 ms (1.3x), Avg.  1.46 ms, Total. 2.918 ms (0.0%)
[Performance] InitializeOnLoad ProjectSearch                                                                                 :        2 samples, Peak.  57.9 us (1.1x), Avg.  51.3 us, Total. 102.7 us (0.0%)
[Performance] InitializeOnLoad UISystemProfilerRenderService                                                                 :        2 samples, Peak.  5.50 us (1.0x), Avg.  5.45 us, Total. 10.90 us (0.0%)
[Performance] InitializeOnLoad EditMode                                                                                      :        2 samples, Peak.   334 us (1.2x), Avg.   269 us, Total. 538.7 us (0.0%)
[Performance] InitializeOnLoad UnityConnect                                                                                  :        2 samples, Peak.  54.8 us (1.2x), Avg.  45.6 us, Total. 91.20 us (0.0%)
[Performance] InitializeOnLoad ManagedDebugger                                                                               :        2 samples, Peak.   365 us (1.7x), Avg.   217 us, Total. 433.5 us (0.0%)
[Performance] InitializeOnLoad ShortcutIntegration                                                                           :        2 samples, Peak.  32.2 us (1.0x), Avg.  30.9 us, Total. 61.80 us (0.0%)
[Performance] InitializeOnLoad AddComponentWindow                                                                            :        2 samples, Peak.  62.2 us (1.1x), Avg.  58.6 us, Total. 117.2 us (0.0%)
[Performance] InitializeOnLoad ManagedDebuggerWindow                                                                         :        2 samples, Peak.  78.1 us (1.1x), Avg.  73.5 us, Total. 146.9 us (0.0%)
[Performance] InitializeOnLoad CacheServerWindow                                                                             :        2 samples, Peak.  6.30 us (1.4x), Avg.  4.65 us, Total. 9.300 us (0.0%)
[Performance] InitializeOnLoad PlayModeDownload                                                                              :        2 samples, Peak.  3.59 ms (1.9x), Avg.  1.85 ms, Total. 3.700 ms (0.0%)
[Performance] InitializeOnLoad MenuItems                                                                                     :        2 samples, Peak.  68.0 us (1.1x), Avg.  59.2 us, Total. 118.4 us (0.0%)
[Performance] InitializeOnLoad PrefabInstanceChangedListener                                                                 :        2 samples, Peak.  81.4 us (1.0x), Avg.  79.5 us, Total. 159.1 us (0.0%)
[Performance] InitializeOnLoad ObjectSelectorSearch                                                                          :        2 samples, Peak.  26.0 us (1.2x), Avg.  21.5 us, Total. 43.00 us (0.0%)
[Performance] InitializeOnLoad EditorMonitor                                                                                 :        2 samples, Peak.   411 us (1.2x), Avg.   332 us, Total. 663.8 us (0.0%)
[Performance] InitializeOnLoad RetainedMode                                                                                  :        2 samples, Peak.  1.65 ms (1.1x), Avg.  1.46 ms, Total. 2.912 ms (0.0%)
[Performance] InitializeOnLoad EditorShaderLoader                                                                            :        2 samples, Peak.   516 us (1.1x), Avg.   469 us, Total. 937.7 us (0.0%)
[Performance] InitializeOnLoad EditorDelegateRegistration                                                                    :        2 samples, Peak.   334 us (1.2x), Avg.   287 us, Total. 574.2 us (0.0%)
[Performance] InitializeOnLoad UIDocumentHierarchyWatcher                                                                    :        2 samples, Peak.  49.0 us (1.1x), Avg.  43.7 us, Total. 87.50 us (0.0%)
[Performance] InitializeOnLoad LiveReloadTrackerCreator                                                                      :        2 samples, Peak.   157 us (1.4x), Avg.   112 us, Total. 223.3 us (0.0%)
[Performance] InitializeOnLoad UxmlObjectEditorFactories                                                                     :        2 samples, Peak.   373 us (1.2x), Avg.   302 us, Total. 604.9 us (0.0%)
[Performance] InitializeOnLoad UXMLEditorFactories                                                                           :        2 samples, Peak.  33.8 ms (1.0x), Avg.  32.9 ms, Total. 65.71 ms (0.2%)
[Performance] InitializeOnLoad PurchasingService                                                                             :        2 samples, Peak.  4.56 ms (1.0x), Avg.  4.51 ms, Total. 9.029 ms (0.0%)
[Performance] InitializeOnLoad CloudBuildPoller                                                                              :        2 samples, Peak.  68.6 us (1.1x), Avg.  64.0 us, Total. 127.9 us (0.0%)
[Performance] InitializeOnLoad EditorGameServicesAnalytics                                                                   :        2 samples, Peak.  1.69 ms (1.7x), Avg.   977 us, Total. 1.954 ms (0.0%)
[Performance] InitializeOnLoad AnalyticsService                                                                              :        2 samples, Peak.   108 us (1.0x), Avg.   107 us, Total. 213.4 us (0.0%)
[Performance] InitializeOnLoad BuildService                                                                                  :        2 samples, Peak.  80.8 us (1.0x), Avg.  79.6 us, Total. 159.2 us (0.0%)
[Performance] InitializeOnLoad AdsService                                                                                    :        2 samples, Peak.   290 us (1.1x), Avg.   255 us, Total. 510.3 us (0.0%)
[Performance] InitializeOnLoad UDPService                                                                                    :        2 samples, Peak.  96.5 us (1.1x), Avg.  91.0 us, Total. 182.0 us (0.0%)
[Performance] InitializeOnLoad CrashService                                                                                  :        2 samples, Peak.  82.9 us (1.0x), Avg.  80.3 us, Total. 160.6 us (0.0%)
[Performance] InitializeOnLoad ServicesRepository                                                                            :        2 samples, Peak.   200 ns (1.0x), Avg.   200 ns, Total. 400.0 ns (0.0%)
[Performance] InitializeOnLoad SearchWindow                                                                                  :        2 samples, Peak.  86.8 us (1.2x), Avg.  74.1 us, Total. 148.2 us (0.0%)
[Performance] InitializeOnLoad CustomIndexers                                                                                :        2 samples, Peak.  11.1 ms (1.1x), Avg.  10.2 ms, Total. 20.42 ms (0.1%)
[Performance] InitializeOnLoad SearchMonitor                                                                                 :        2 samples, Peak.   620 us (1.1x), Avg.   540 us, Total. 1.080 ms (0.0%)
[Performance] InitializeOnLoad ParameterControllerEditor                                                                     :        2 samples, Peak.  11.1 us (1.1x), Avg.  10.4 us, Total. 20.80 us (0.0%)
[Performance] InitializeOnLoad LayerSettingsWindow                                                                           :        2 samples, Peak.  16.9 us (1.8x), Avg.  9.65 us, Total. 19.30 us (0.0%)
[Performance] InitializeOnLoad PackageManagerHookGUIDConverter.RegisterPackagesEventHandler                                  :        2 samples, Peak.   498 us (1.7x), Avg.   290 us, Total. 579.2 us (0.0%)
[Performance] InitializeOnLoad EditorDragAndDrop.RegisterEditorClient                                                        :        2 samples, Peak.   153 us (1.1x), Avg.   133 us, Total. 265.8 us (0.0%)
[Performance] InitializeOnLoad EditorEventCallbacks.InitializeFontAssetResourceChangeCallBacks                               :        2 samples, Peak.   652 us (1.1x), Avg.   619 us, Total. 1.238 ms (0.0%)
[Performance] InitializeOnLoad SceneTemplateService.Init                                                                     :        2 samples, Peak.   673 us (1.1x), Avg.   637 us, Total. 1.274 ms (0.0%)
[Performance] InitializeOnLoad DiagnosticSwitchesConsoleMessage.Init                                                         :        2 samples, Peak.  6.09 ms (1.8x), Avg.  3.39 ms, Total. 6.779 ms (0.0%)
[Performance] InitializeOnLoad MemoryProfilerCompilationGuard.InjectCompileGuard                                             :        2 samples, Peak.   120 us (1.4x), Avg.  83.5 us, Total. 167.0 us (0.0%)
[Performance] InitializeOnLoad EditorWindow.Initialize                                                                       :        2 samples, Peak.   141 us (1.0x), Avg.   136 us, Total. 271.0 us (0.0%)
[Performance] InitializeOnLoad AssetPostprocessingInternal.RefreshCustomDependencies                                         :        2 samples, Peak.  2.00 ms (1.4x), Avg.  1.40 ms, Total. 2.801 ms (0.0%)
[Performance] InitializeOnLoad SysrootManager.Initialize                                                                     :        2 samples, Peak.   266 us (1.0x), Avg.   261 us, Total. 522.7 us (0.0%)
[Performance] InitializeOnLoad PackageManagerWindow.EditorInitializedInSafeMode                                              :        2 samples, Peak.  20.1 ms (2.0x), Avg.  10.1 ms, Total. 20.17 ms (0.1%)
[Performance] InitializeOnLoad ToolShortcutContext.Init                                                                      :        2 samples, Peak.  92.5 us (1.2x), Avg.  79.8 us, Total. 159.5 us (0.0%)
[Performance] InitializeOnLoad SceneVisibilityManager.Initialize                                                             :        2 samples, Peak.  3.06 ms (1.7x), Avg.  1.76 ms, Total. 3.515 ms (0.0%)
[Performance] InitializeOnLoad ScopedRegistryAddedPopup.SubscribeToRegistriesAdded                                           :        2 samples, Peak.  4.67 ms (2.0x), Avg.  2.36 ms, Total. 4.725 ms (0.0%)
[Performance] AssemblyReloadEvents.afterAssemblyReload: UnityEditor.SceneTemplate.SceneTemplateService.AfterAssemblyReload   :        2 samples, Peak.  2.05 ms (1.8x), Avg.  1.12 ms, Total. 2.231 ms (0.0%)
[Performance] ProcessService.EditorAfterLoadAllAssemblies                                                                    :        2 samples, Peak.   194 us (1.1x), Avg.   171 us, Total. 342.8 us (0.0%)
[Performance] Application.ReadLicenseInfo                                                                                    :        1 samples, Peak.  12.6 ms (1.0x), Avg.  12.6 ms, Total. 12.57 ms (0.0%)
[Performance] Application.InitialRefresh                                                                                     :        1 samples, Peak.  15.1 s (1.0x), Avg.  15.1 s, Total. 15.05 s (52.0%)
[Performance] ShaderImporter.SourceAssetModified                                                                             :        2 samples, Peak.   600 ns (1.5x), Avg.   400 ns, Total. 800.0 ns (0.0%)
[Performance] ShaderIncludeImporter.SourceAssetModified                                                                      :        2 samples, Peak.   600 ns (1.2x), Avg.   500 ns, Total. 1000.0 ns (0.0%)
[Performance] Compiling Scripts                                                                                              :        1 samples, Peak.  2.40 s (1.0x), Avg.  2.40 s, Total. 2.398 s (8.3%)
[Performance] AssemblyReloadEvents.beforeAssemblyReload: UnityEditor.SceneTemplate.SceneTemplateService.BeforeAssemblyReload :        1 samples, Peak.   288 us (1.0x), Avg.   288 us, Total. 287.6 us (0.0%)
[Performance] PresetManagerPostProcessor.OnPreprocessAsset                                                                   :        1 samples, Peak.   661 us (1.0x), Avg.   661 us, Total. 660.9 us (0.0%)
[Performance] CancelSplashScreenOnAssetChange.OnPreprocessAsset                                                              :        1 samples, Peak.  80.2 us (1.0x), Avg.  80.2 us, Total. 80.20 us (0.0%)
[Performance] ShaderGraphAssetPostProcessor.OnPreprocessAsset                                                                :        1 samples, Peak.   116 us (1.0x), Avg.   116 us, Total. 116.2 us (0.0%)
[Performance] InitializeOnLoad BurstLoader                                                                                   :        1 samples, Peak.  1.90 s (1.0x), Avg.  1.90 s, Total. 1.904 s (6.6%)
[Performance] InitializeOnLoad ShadowCasterGroup2DManager                                                                    :        1 samples, Peak.   190 us (1.0x), Avg.   190 us, Total. 190.5 us (0.0%)
[Performance] InitializeOnLoad ProbeGIBaking                                                                                 :        1 samples, Peak.  1.48 ms (1.0x), Avg.  1.48 ms, Total. 1.478 ms (0.0%)
[Performance] InitializeOnLoad FilterWindow                                                                                  :        1 samples, Peak.  22.2 us (1.0x), Avg.  22.2 us, Total. 22.20 us (0.0%)
[Performance] InitializeOnLoad RealtimeProbeSubdivisionDebug                                                                 :        1 samples, Peak. 100.0 us (1.0x), Avg. 100.0 us, Total. 100.00 us (0.0%)
[Performance] InitializeOnLoad NodeClassCache                                                                                :        1 samples, Peak.  3.90 us (1.0x), Avg.  3.90 us, Total. 3.900 us (0.0%)
[Performance] InitializeOnLoad ShaderGraphMaterialsUpdater                                                                   :        2 samples, Peak.   208 us (1.7x), Avg.   125 us, Total. 249.5 us (0.0%)
[Performance] InitializeOnLoad PrefabLayoutRebuilder                                                                         :        1 samples, Peak.   129 us (1.0x), Avg.   129 us, Total. 129.3 us (0.0%)
[Performance] InitializeOnLoad BackgroundWatcher                                                                             :        1 samples, Peak.  61.8 us (1.0x), Avg.  61.8 us, Total. 61.80 us (0.0%)
[Performance] InitializeOnLoad UnityTestProtocolStarter                                                                      :        1 samples, Peak.  89.5 us (1.0x), Avg.  89.5 us, Total. 89.50 us (0.0%)
[Performance] InitializeOnLoad McpUnityServer                                                                                :        1 samples, Peak.  5.20 us (1.0x), Avg.  5.20 us, Total. 5.200 us (0.0%)
[Performance] InitializeOnLoad Renderer2DAnalytics                                                                           :        1 samples, Peak.  49.6 us (1.0x), Avg.  49.6 us, Total. 49.60 us (0.0%)
[Performance] InitializeOnLoad EditorToolManager                                                                             :        1 samples, Peak.  1.32 ms (1.0x), Avg.  1.32 ms, Total. 1.319 ms (0.0%)
[Performance] InitializeOnLoad MaterialReimporter.RegisterUpgraderReimport                                                   :        2 samples, Peak.   116 us (1.7x), Avg.  67.5 us, Total. 135.1 us (0.0%)
[Performance] InitializeOnLoad AnalyticsReporter.RegisterCallbacks                                                           :        1 samples, Peak.  1.83 ms (1.0x), Avg.  1.83 ms, Total. 1.831 ms (0.0%)
[Performance] InitializeOnLoad TestStarter.Initialize                                                                        :        1 samples, Peak.  3.78 ms (1.0x), Avg.  3.78 ms, Total. 3.780 ms (0.0%)
[Performance] InitializeOnLoad TestJobDataHolder.ResumeRunningJobs                                                           :        1 samples, Peak.   701 us (1.0x), Avg.   701 us, Total. 700.6 us (0.0%)
[Performance] InitializeOnLoad DebugManagerWindowLifetimeAnalytic.SubscribeToDebugManagerOpenCloseWindows                    :        1 samples, Peak.   501 us (1.0x), Avg.   501 us, Total. 501.3 us (0.0%)
[Performance] InitializeOnLoad CoreRenderPipelinePreferences.InitPreferenceProviders                                         :        1 samples, Peak.  28.7 ms (1.0x), Avg.  28.7 ms, Total. 28.69 ms (0.1%)
[Performance] InitializeOnLoad VolumeGizmoDrawer.InitVolumeGizmoCallbacks                                                    :        1 samples, Peak.   435 us (1.0x), Avg.   435 us, Total. 435.5 us (0.0%)
[Performance] DidReloadScriptsMcpUnityServer.AfterReload                                                                     :        1 samples, Peak.  62.6 us (1.0x), Avg.  62.6 us, Total. 62.60 us (0.0%)
[Performance] DidReloadScriptsTestListCache.ScriptReloaded                                                                   :        1 samples, Peak.   880 us (1.0x), Avg.   880 us, Total. 880.4 us (0.0%)
[Performance] DidReloadScriptsTestRunnerWindow.CompilationCallback                                                           :        1 samples, Peak.  1.04 ms (1.0x), Avg.  1.04 ms, Total. 1.037 ms (0.0%)
[Performance] DidReloadScriptsLookDev.OnEditorReload                                                                         :        1 samples, Peak.   122 us (1.0x), Avg.   122 us, Total. 121.6 us (0.0%)
[Performance] DidReloadScriptsDebugWindow.OnEditorReload                                                                     :        1 samples, Peak.  5.79 ms (1.0x), Avg.  5.79 ms, Total. 5.792 ms (0.0%)
[Performance] DidReloadScriptsVolumeComponentEditor.OnEditorReload                                                           :        1 samples, Peak.  11.3 ms (1.0x), Avg.  11.3 ms, Total. 11.29 ms (0.0%)
[Performance] DidReloadScriptsAdvancedDropdownWindow.OnScriptReload                                                          :        1 samples, Peak.   142 us (1.0x), Avg.   142 us, Total. 142.1 us (0.0%)
[Performance] AssetDatabase.ImportAssets                                                                                     :        3 samples, Peak.   700 ns (1.9x), Avg.   367 ns, Total. 1.100 us (0.0%)
[Performance] VersionControl.Task.Wait                                                                                       :        1 samples, Peak.  4.70 us (1.0x), Avg.  4.70 us, Total. 4.700 us (0.0%)
[Performance] TMPro_TexturePostProcessor.OnPostprocessAllAssets                                                              :        2 samples, Peak.   356 us (1.1x), Avg.   310 us, Total. 619.9 us (0.0%)
[Performance] BuilderAssetPostprocessor.OnPostprocessAllAssets                                                               :        2 samples, Peak.  1.74 ms (1.0x), Avg.  1.74 ms, Total. 3.481 ms (0.0%)
[Performance] ArtifactBrowserPostProcessor.OnPostprocessAllAssets                                                            :        2 samples, Peak.   341 us (1.0x), Avg.   340 us, Total. 680.5 us (0.0%)
[Performance] AssetEvents.OnPostprocessAllAssets                                                                             :        4 samples, Peak.   115 us (1.4x), Avg.  82.5 us, Total. 330.0 us (0.0%)
[Performance] AudioMixerPostprocessor.OnPostprocessAllAssets                                                                 :        2 samples, Peak.   189 us (1.0x), Avg.   188 us, Total. 375.1 us (0.0%)
[Performance] StyleCatalogPostProcessor.OnPostprocessAllAssets                                                               :        2 samples, Peak.  11.5 ms (1.0x), Avg.  11.5 ms, Total. 23.01 ms (0.1%)
[Performance] BuildCatalog                                                                                                   :        1 samples, Peak.  10.7 ms (1.0x), Avg.  10.7 ms, Total. 10.69 ms (0.0%)
[Performance] ModelImporterPostProcessor.OnPostprocessAllAssets                                                              :        2 samples, Peak.   651 us (1.0x), Avg.   650 us, Total. 1.299 ms (0.0%)
[Performance] MaterialPostprocessor.OnPostprocessAllAssets                                                                   :        4 samples, Peak.   562 us (1.2x), Avg.   479 us, Total. 1.916 ms (0.0%)
[Performance] UniversalRenderPipelineGlobalSettingsPostprocessor.OnPostprocessAllAssets                                      :        2 samples, Peak.  1.48 ms (1.0x), Avg.  1.48 ms, Total. 2.959 ms (0.0%)
[Performance] RetainedModeAssetPostprocessor.OnPostprocessAllAssets                                                          :        2 samples, Peak.  5.72 ms (1.0x), Avg.  5.71 ms, Total. 11.43 ms (0.0%)
[Performance] AssetChangedListener.OnPostprocessAllAssets                                                                    :        2 samples, Peak.  2.63 ms (1.0x), Avg.  2.62 ms, Total. 5.235 ms (0.0%)
[Performance] PostProcessor.OnPostprocessAllAssets                                                                           :        2 samples, Peak.   227 us (1.0x), Avg.   223 us, Total. 446.0 us (0.0%)
[Performance] ShaderGraphAssetPostProcessor.OnPostprocessAllAssets                                                           :        2 samples, Peak.  1.34 ms (1.0x), Avg.  1.34 ms, Total. 2.672 ms (0.0%)
[Performance] SpeedTreePostProcessor.OnPostprocessAllAssets                                                                  :        2 samples, Peak.   163 us (1.1x), Avg.   153 us, Total. 307.0 us (0.0%)
[Performance] TextAssetPostProcessor.OnPostprocessAllAssets                                                                  :        2 samples, Peak.   295 us (1.1x), Avg.   276 us, Total. 551.4 us (0.0%)
[Performance] SyncVS.PostprocessSyncProject                                                                                  :        1 samples, Peak.  1.03 ms (1.0x), Avg.  1.03 ms, Total. 1.028 ms (0.0%)
[Performance] Application.ImportPackagesAndSetTemplateWhenCreatingProject                                                    :        1 samples, Peak.  8.26 ms (1.0x), Avg.  8.26 ms, Total. 8.261 ms (0.0%)
[Performance] Application.SyncCurrentColorSpace                                                                              :        1 samples, Peak.  16.6 ms (1.0x), Avg.  16.6 ms, Total. 16.62 ms (0.1%)
[Performance] Application.OnUsbDevicesChanged                                                                                :        1 samples, Peak.  1.93 ms (1.0x), Avg.  1.93 ms, Total. 1.932 ms (0.0%)
[Performance] Application.AssetInstanceCacheUpdate                                                                           :        1 samples, Peak.   200 ns (1.0x), Avg.   200 ns, Total. 200.0 ns (0.0%)
[Performance] Application.UnityExtensions.Initialize                                                                         :        1 samples, Peak.  1.85 ms (1.0x), Avg.  1.85 ms, Total. 1.849 ms (0.0%)
[Performance] CodeEditorProjectSync.SyncEditorProject                                                                        :        1 samples, Peak.   112 us (1.0x), Avg.   112 us, Total. 112.0 us (0.0%)
[Performance] Application.ExecuteStartups                                                                                    :        1 samples, Peak.  28.8 ms (1.0x), Avg.  28.8 ms, Total. 28.84 ms (0.1%)
[Performance] Menu.RegisterMenuInterface                                                                                     :       26 samples, Peak.   800 ns (6.3x), Avg.   127 ns, Total. 3.300 us (0.0%)
[Performance] Gizmo.RebuildRenderers                                                                                         :        1 samples, Peak.  28.3 ms (1.0x), Avg.  28.3 ms, Total. 28.28 ms (0.1%)
[Performance] Gizmo.AddGizmoRenderers                                                                                        :       56 samples, Peak.  1.03 ms (36.9x), Avg.  28.0 us, Total. 1.570 ms (0.0%)
[Performance] Application.editorInitializingProject                                                                          :        1 samples, Peak.  11.3 us (1.0x), Avg.  11.3 us, Total. 11.30 us (0.0%)
[Performance] Application.InitializeMenu                                                                                     :        1 samples, Peak.  50.6 ms (1.0x), Avg.  50.6 ms, Total. 50.60 ms (0.2%)
[Performance] Menu.RebuildAll                                                                                                :        1 samples, Peak.  50.6 ms (1.0x), Avg.  50.6 ms, Total. 50.60 ms (0.2%)
[Performance] Menu.BuildRegisteredMenuInterfaces                                                                             :        1 samples, Peak.  49.1 ms (1.0x), Avg.  49.1 ms, Total. 49.13 ms (0.2%)
[Performance] Menu.FilterMenuItem                                                                                            :      672 samples, Peak.  22.2 ms (666.1x), Avg.  33.3 us, Total. 22.36 ms (0.1%)
[Performance] UpdateAllMenus                                                                                                 :        1 samples, Peak.   322 us (1.0x), Avg.   322 us, Total. 321.9 us (0.0%)
[Performance] Menu.RebuildOSMainMenu                                                                                         :        2 samples, Peak.  1.48 ms (1.2x), Avg.  1.26 ms, Total. 2.514 ms (0.0%)
[Performance] EditorSceneManager.sceneClosing: UnityEditor.SceneVisibilityManager.EditorSceneManagerOnSceneClosing           :        1 samples, Peak.   169 us (1.0x), Avg.   169 us, Total. 169.4 us (0.0%)
[Performance] GUIView.RepaintAll.PlayerLoopController                                                                        :        1 samples, Peak.   900 ns (1.0x), Avg.   900 ns, Total. 900.0 ns (0.0%)
[Performance] EditorSceneManager.newSceneCreated: UnityEditor.SceneTemplate.SceneTemplateService.OnNewSceneCreated           :        1 samples, Peak.   157 us (1.0x), Avg.   157 us, Total. 157.3 us (0.0%)
[Performance] EditorSceneManager.newSceneCreated: UnityEditor.SceneVisibilityManager.EditorSceneManagerOnNewSceneCreated     :        1 samples, Peak.   117 us (1.0x), Avg.   117 us, Total. 117.1 us (0.0%)
[Performance] EditorSceneManager.newSceneCreated: UnityEditor.SceneManagement.StageNavigationManager.OnNewSceneCreated       :        1 samples, Peak.  31.7 us (1.0x), Avg.  31.7 us, Total. 31.70 us (0.0%)
[Performance] Application.InvokeFinishedLoadingProject                                                                       :        1 samples, Peak.   237 ms (1.0x), Avg.   237 ms, Total. 237.2 ms (0.8%)
[Performance] ProcessService.OnProjectLoaded                                                                                 :        1 samples, Peak.  31.3 us (1.0x), Avg.  31.3 us, Total. 31.30 us (0.0%)
[Performance] EditorApplication.quitting: Unity.Burst.Editor.BurstLoader.OnEditorApplicationQuitting                         :        1 samples, Peak.  19.8 us (1.0x), Avg.  19.8 us, Total. 19.80 us (0.0%)
[Performance] EditorApplication.quitting: callback in UnityEditor.TextCore.Text.EditorEventCallbacks                         :        1 samples, Peak.  4.73 ms (1.0x), Avg.  4.73 ms, Total. 4.734 ms (0.0%)
[Performance] Application.Shutdown.PauseProfilerSession                                                                      :        1 samples, Peak.  20.6 us (1.0x), Avg.  20.6 us, Total. 20.60 us (0.0%)
[Performance] Application.Shutdown.PauseAssetImportWorkers                                                                   :        1 samples, Peak.   113 us (1.0x), Avg.   113 us, Total. 113.0 us (0.0%)
[Performance] Application.Shutdown.SaveAssets                                                                                :        1 samples, Peak.  5.76 ms (1.0x), Avg.  5.76 ms, Total. 5.757 ms (0.0%)
[Performance] BuilderAssetModificationProcessor.OnWillSaveAssets                                                             :        1 samples, Peak.   295 us (1.0x), Avg.   295 us, Total. 295.1 us (0.0%)
[Performance] TerrainModificationProcessor.OnWillSaveAssets                                                                  :        1 samples, Peak.   401 us (1.0x), Avg.   401 us, Total. 400.8 us (0.0%)
[Performance] Application.Shutdown.CleanupRenderPipeline                                                                     :        1 samples, Peak.  4.60 us (1.0x), Avg.  4.60 us, Total. 4.600 us (0.0%)
[Performance] Application.Shutdown.StopPreloadManager                                                                        :        1 samples, Peak.  9.57 ms (1.0x), Avg.  9.57 ms, Total. 9.574 ms (0.0%)
[Performance] Application.Shutdown.DestroyWorld                                                                              :        1 samples, Peak.   371 us (1.0x), Avg.   371 us, Total. 370.7 us (0.0%)
[Performance] Application.Shutdown.CleanupAfterLoad                                                                          :        1 samples, Peak.  88.1 ms (1.0x), Avg.  88.1 ms, Total. 88.11 ms (0.3%)
[Performance] Application.Shutdown.Progress                                                                                  :        1 samples, Peak.  4.90 us (1.0x), Avg.  4.90 us, Total. 4.900 us (0.0%)
[Performance] Application.Shutdown.GICleanupManagers                                                                         :        1 samples, Peak.   510 us (1.0x), Avg.   510 us, Total. 509.8 us (0.0%)
[Performance] Application.Shutdown.MenuCleanupClass                                                                          :        1 samples, Peak.   114 us (1.0x), Avg.   114 us, Total. 113.6 us (0.0%)
[Performance] Application.Shutdown.ADBSaveStateBeforeShutdown                                                                :        1 samples, Peak.  7.60 us (1.0x), Avg.  7.60 us, Total. 7.600 us (0.0%)
[Performance] Application.Shutdown.RemoteShutdown                                                                            :        1 samples, Peak.   900 ns (1.0x), Avg.   900 ns, Total. 900.0 ns (0.0%)
[Performance] Application.Shutdown.CleanupVCProvider                                                                         :        1 samples, Peak.  6.80 us (1.0x), Avg.  6.80 us, Total. 6.800 us (0.0%)
[Performance] Application.Shutdown.InputShutdown                                                                             :        1 samples, Peak.   500 ns (1.0x), Avg.   500 ns, Total. 500.0 ns (0.0%)
[Performance] Application.Shutdown.GizmoManagerDestroy                                                                       :        1 samples, Peak.   474 us (1.0x), Avg.   474 us, Total. 474.0 us (0.0%)
[Performance] Application.Shutdown.ProfilerSession                                                                           :        1 samples, Peak.   142 us (1.0x), Avg.   142 us, Total. 141.6 us (0.0%)
[Performance] Application.Shutdown.ReleaseGfxWindowOnAllGUIViews                                                             :        1 samples, Peak.   100 ns (1.0x), Avg.   100 ns, Total. 100.0 ns (0.0%)
[Performance] Application.Shutdown.CleanupEngine                                                                             :        1 samples, Peak.   128 ms (1.0x), Avg.   128 ms, Total. 128.4 ms (0.4%)
[Performance] Application.Shutdown.CleanupAssetDatabase                                                                      :        1 samples, Peak.  4.03 ms (1.0x), Avg.  4.03 ms, Total. 4.033 ms (0.0%)
[Performance] Application.Shutdown.ScriptCompilationCleanUp                                                                  :        1 samples, Peak.  20.6 ms (1.0x), Avg.  20.6 ms, Total. 20.60 ms (0.1%)
[Performance] Application.Shutdown.DestroyJobSystem                                                                          :        1 samples, Peak.  78.8 us (1.0x), Avg.  78.8 us, Total. 78.80 us (0.0%)
[Performance] Application.Shutdown.CleanupPersistentManager                                                                  :        1 samples, Peak.  1.50 ms (1.0x), Avg.  1.50 ms, Total. 1.502 ms (0.0%)
[Performance] Application.Shutdown.CleanupAsyncReadManager                                                                   :        1 samples, Peak.  32.0 ms (1.0x), Avg.  32.0 ms, Total. 31.98 ms (0.1%)
[Performance] Application.Shutdown.CleanupProgressBar                                                                        :        1 samples, Peak.   300 ns (1.0x), Avg.   300 ns, Total. 300.0 ns (0.0%)
[Performance] Application.Shutdown.CleanupMono                                                                               :        1 samples, Peak.  61.9 ms (1.0x), Avg.  61.9 ms, Total. 61.90 ms (0.2%)
[Performance] Application.Shutdown.CleanupStdConverters                                                                      :        1 samples, Peak.  6.10 us (1.0x), Avg.  6.10 us, Total. 6.100 us (0.0%)
[Performance] Application.Shutdown.UnloadAllPlatformSupportModuleNativeDlls                                                  :        1 samples, Peak.   700 ns (1.0x), Avg.   700 ns, Total. 700.0 ns (0.0%)
[Performance] Application.Shutdown.UnloadAllPlatformSupportNativeLibraries                                                   :        1 samples, Peak.   100 ns (1.0x), Avg.   100 ns, Total. 100.0 ns (0.0%)
[Performance] Application.Shutdown.CleanupAutoDocumentation                                                                  :        1 samples, Peak.   240 us (1.0x), Avg.   240 us, Total. 240.4 us (0.0%)
[Performance] Application.Shutdown.ShaderNameManagerDestroy                                                                  :        1 samples, Peak.  45.2 us (1.0x), Avg.  45.2 us, Total. 45.20 us (0.0%)
[Performance] Application.Shutdown.CleanupCacheServer                                                                        :        1 samples, Peak.   100 ns (1.0x), Avg.   100 ns, Total. 100.0 ns (0.0%)
[Performance] Application.Shutdown.Virtualization_Shutdown                                                                   :        1 samples, Peak.   300 ns (1.0x), Avg.   300 ns, Total. 300.0 ns (0.0%)
[Performance] Application.Shutdown.DevConnections                                                                            :        1 samples, Peak.   150 us (1.0x), Avg.   150 us, Total. 150.3 us (0.0%)
Exiting batchmode successfully now!
Exiting without the bug reporter. Application will terminate with return code 0